
Running 1 test using 1 worker

  ?? 1 tests\e2e\crm-conversion.spec.ts:4:5 ??Lead to Employer Conversion Workflow (3.6s)


  1) tests\e2e\crm-conversion.spec.ts:4:5 ??Lead to Employer Conversion Workflow ???????????????????

    Error: page.goto: net::ERR_CONNECTION_REFUSED at http://localhost:3000/crm/board
    Call log:
    [2m  - navigating to "http://localhost:3000/crm/board", waiting until "load"[22m


      4 | test('Lead to Employer Conversion Workflow', async ({ page }) => {
      5 |     // 1. Create Lead
    > 6 |     await page.goto('http://localhost:3000/crm/board');
        |                ^
      7 |     await page.waitForLoadState('networkidle');
      8 |
      9 |     await page.click('button:has-text("+ ?啣?瞏摰Ｘ")');
        at D:\worker_control\tests\e2e\crm-conversion.spec.ts:6:16

  1 failed
    tests\e2e\crm-conversion.spec.ts:4:5 ??Lead to Employer Conversion Workflow ????????????????????
