src/routes/workers.ts(244,21): error TS2353: Object literal may only specify known properties, and 'email' does not exist in type '(Without<WorkerUpdateInput, WorkerUncheckedUpdateInput> & WorkerUncheckedUpdateInput) | (Without<...> & WorkerUpdateInput)'.
